[www.austinadultmed.com/index.html]
[backblue.gif]
[fade.gif]
[index.html]
[www.austinadultmed.com/files/normalize.min.css]
[www.austinadultmed.com/files/style.css]
[www.austinadultmed.com/files/jquery-3.2.1.min.js]
[www.austinadultmed.com/files/ban.png]
[www.austinadultmed.com/files/form_arrow.png]
[www.austinadultmed.com/files/ann.png]
[www.austinadultmed.com/files/step_img.png]
[www.austinadultmed.com/files/tu-02.png]
[www.austinadultmed.com/files/tu_02.jpg]
[www.austinadultmed.com/files/archivement_img.png]
[www.austinadultmed.com/files/tu_01.jpg]
[www.austinadultmed.com/files/arrow.png]
[www.austinadultmed.com/disclaimer.html]
[www.austinadultmed.com/index.html]
[www.austinadultmed.com/files/normalize.min.css]
[www.austinadultmed.com/files/style.css]
[www.austinadultmed.com/disclaimer.html]
[www.austinadultmed.com/privacy.html]
[www.austinadultmed.com/chrome-extension_/gppongmhjkpfnbhagpmjfkannfbllamg/js/js.js]
[www.austinadultmed.com/privacy.html]
[www.austinadultmed.com/chrome-extension_/gppongmhjkpfnbhagpmjfkannfbllamg/js/js.html]
